------------------------------------------------------------
TimeQuest Timing Analyzer Summary
------------------------------------------------------------

Type  : Slow 1200mV 85C Model Setup 'CLOCK'
Slack : -1.870
TNS   : -29.811

Type  : Slow 1200mV 85C Model Setup 'Controladora:Ctrl|state.calculaDinheiro'
Slack : -0.080
TNS   : -0.080

Type  : Slow 1200mV 85C Model Hold 'Controladora:Ctrl|state.calculaDinheiro'
Slack : -0.513
TNS   : -1.122

Type  : Slow 1200mV 85C Model Hold 'CLOCK'
Slack : -0.075
TNS   : -0.095

Type  : Slow 1200mV 85C Model Recovery 'CLOCK'
Slack : -0.985
TNS   : -15.494

Type  : Slow 1200mV 85C Model Removal 'CLOCK'
Slack : 0.199
TNS   : 0.000

Type  : Slow 1200mV 85C Model Minimum Pulse Width 'CLOCK'
Slack : -3.000
TNS   : -34.000

Type  : Slow 1200mV 85C Model Minimum Pulse Width 'Controladora:Ctrl|state.calculaDinheiro'
Slack : 0.391
TNS   : 0.000

Type  : Slow 1200mV 0C Model Setup 'CLOCK'
Slack : -1.566
TNS   : -23.780

Type  : Slow 1200mV 0C Model Setup 'Controladora:Ctrl|state.calculaDinheiro'
Slack : 0.018
TNS   : 0.000

Type  : Slow 1200mV 0C Model Hold 'Controladora:Ctrl|state.calculaDinheiro'
Slack : -0.432
TNS   : -0.947

Type  : Slow 1200mV 0C Model Hold 'CLOCK'
Slack : -0.029
TNS   : -0.029

Type  : Slow 1200mV 0C Model Recovery 'CLOCK'
Slack : -0.790
TNS   : -11.860

Type  : Slow 1200mV 0C Model Removal 'CLOCK'
Slack : 0.186
TNS   : 0.000

Type  : Slow 1200mV 0C Model Minimum Pulse Width 'CLOCK'
Slack : -3.000
TNS   : -34.000

Type  : Slow 1200mV 0C Model Minimum Pulse Width 'Controladora:Ctrl|state.calculaDinheiro'
Slack : 0.391
TNS   : 0.000

Type  : Fast 1200mV 0C Model Setup 'CLOCK'
Slack : -0.605
TNS   : -5.163

Type  : Fast 1200mV 0C Model Setup 'Controladora:Ctrl|state.calculaDinheiro'
Slack : 0.442
TNS   : 0.000

Type  : Fast 1200mV 0C Model Hold 'Controladora:Ctrl|state.calculaDinheiro'
Slack : -0.408
TNS   : -0.984

Type  : Fast 1200mV 0C Model Hold 'CLOCK'
Slack : -0.133
TNS   : -0.332

Type  : Fast 1200mV 0C Model Recovery 'CLOCK'
Slack : -0.124
TNS   : -1.341

Type  : Fast 1200mV 0C Model Removal 'CLOCK'
Slack : 0.024
TNS   : 0.000

Type  : Fast 1200mV 0C Model Minimum Pulse Width 'CLOCK'
Slack : -3.000
TNS   : -34.927

Type  : Fast 1200mV 0C Model Minimum Pulse Width 'Controladora:Ctrl|state.calculaDinheiro'
Slack : 0.419
TNS   : 0.000

------------------------------------------------------------
