------------------------------------------------------------
TimeQuest Timing Analyzer Summary
------------------------------------------------------------

Type  : Slow Model Setup 'CLOCK'
Slack : -2.179
TNS   : -28.601

Type  : Slow Model Setup 'Controladora:Ctrl|state.calcula'
Slack : -1.355
TNS   : -3.063

Type  : Slow Model Hold 'CLOCK'
Slack : -1.401
TNS   : -11.383

Type  : Slow Model Hold 'Controladora:Ctrl|state.calcula'
Slack : 0.646
TNS   : 0.000

Type  : Slow Model Recovery 'CLOCK'
Slack : -1.005
TNS   : -9.333

Type  : Slow Model Removal 'CLOCK'
Slack : 1.201
TNS   : 0.000

Type  : Slow Model Minimum Pulse Width 'CLOCK'
Slack : -1.380
TNS   : -23.380

Type  : Slow Model Minimum Pulse Width 'Controladora:Ctrl|state.calcula'
Slack : 0.500
TNS   : 0.000

Type  : Fast Model Setup 'CLOCK'
Slack : -0.369
TNS   : -2.724

Type  : Fast Model Setup 'Controladora:Ctrl|state.calcula'
Slack : -0.211
TNS   : -0.249

Type  : Fast Model Hold 'CLOCK'
Slack : -0.914
TNS   : -8.994

Type  : Fast Model Hold 'Controladora:Ctrl|state.calcula'
Slack : 0.500
TNS   : 0.000

Type  : Fast Model Recovery 'CLOCK'
Slack : -0.016
TNS   : -0.128

Type  : Fast Model Removal 'CLOCK'
Slack : 0.772
TNS   : 0.000

Type  : Fast Model Minimum Pulse Width 'CLOCK'
Slack : -1.380
TNS   : -23.380

Type  : Fast Model Minimum Pulse Width 'Controladora:Ctrl|state.calcula'
Slack : 0.500
TNS   : 0.000

------------------------------------------------------------
