TimeQuest Timing Analyzer report for Controladora
Fri Dec 01 14:38:37 2023
Quartus II 64-Bit Version 13.0.1 Build 232 06/12/2013 Service Pack 1 SJ Web Edition


---------------------
; Table of Contents ;
---------------------
  1. Legal Notice
  2. TimeQuest Timing Analyzer Summary
  3. Parallel Compilation
  4. Clocks
  5. Slow Model Fmax Summary
  6. Slow Model Setup Summary
  7. Slow Model Hold Summary
  8. Slow Model Recovery Summary
  9. Slow Model Removal Summary
 10. Slow Model Minimum Pulse Width Summary
 11. Slow Model Setup: 'CLOCK'
 12. Slow Model Setup: 'Preco_eq_0'
 13. Slow Model Hold: 'Preco_eq_0'
 14. Slow Model Hold: 'CLOCK'
 15. Slow Model Minimum Pulse Width: 'CLOCK'
 16. Slow Model Minimum Pulse Width: 'Preco_eq_0'
 17. Setup Times
 18. Hold Times
 19. Clock to Output Times
 20. Minimum Clock to Output Times
 21. Fast Model Setup Summary
 22. Fast Model Hold Summary
 23. Fast Model Recovery Summary
 24. Fast Model Removal Summary
 25. Fast Model Minimum Pulse Width Summary
 26. Fast Model Setup: 'CLOCK'
 27. Fast Model Setup: 'Preco_eq_0'
 28. Fast Model Hold: 'CLOCK'
 29. Fast Model Hold: 'Preco_eq_0'
 30. Fast Model Minimum Pulse Width: 'CLOCK'
 31. Fast Model Minimum Pulse Width: 'Preco_eq_0'
 32. Setup Times
 33. Hold Times
 34. Clock to Output Times
 35. Minimum Clock to Output Times
 36. Multicorner Timing Analysis Summary
 37. Setup Times
 38. Hold Times
 39. Clock to Output Times
 40. Minimum Clock to Output Times
 41. Setup Transfers
 42. Hold Transfers
 43. Report TCCS
 44. Report RSKM
 45. Unconstrained Paths
 46. TimeQuest Timing Analyzer Messages



----------------
; Legal Notice ;
----------------
Copyright (C) 1991-2013 Altera Corporation
Your use of Altera Corporation's design tools, logic functions 
and other software and tools, and its AMPP partner logic 
functions, and any output files from any of the foregoing 
(including device programming or simulation files), and any 
associated documentation or information are expressly subject 
to the terms and conditions of the Altera Program License 
Subscription Agreement, Altera MegaCore Function License 
Agreement, or other applicable license agreement, including, 
without limitation, that your use is for the sole purpose of 
programming logic devices manufactured by Altera and sold by 
Altera or its authorized distributors.  Please refer to the 
applicable agreement for further details.



+----------------------------------------------------------------------------------------+
; TimeQuest Timing Analyzer Summary                                                      ;
+--------------------+-------------------------------------------------------------------+
; Quartus II Version ; Version 13.0.1 Build 232 06/12/2013 Service Pack 1 SJ Web Edition ;
; Revision Name      ; Controladora                                                      ;
; Device Family      ; Cyclone II                                                        ;
; Device Name        ; EP2C5T144C6                                                       ;
; Timing Models      ; Final                                                             ;
; Delay Model        ; Combined                                                          ;
; Rise/Fall Delays   ; Unavailable                                                       ;
+--------------------+-------------------------------------------------------------------+


Parallel compilation was disabled, but you have multiple processors available. Enable parallel compilation to reduce compilation time.
+-------------------------------------+
; Parallel Compilation                ;
+----------------------------+--------+
; Processors                 ; Number ;
+----------------------------+--------+
; Number detected on machine ; 8      ;
; Maximum allowed            ; 1      ;
+----------------------------+--------+


+----------------------------------------------------------------------------------------------------------------------------------------------------------------------------------------+
; Clocks                                                                                                                                                                                 ;
+------------+------+--------+------------+-------+-------+------------+-----------+-------------+-------+--------+-----------+------------+----------+--------+--------+----------------+
; Clock Name ; Type ; Period ; Frequency  ; Rise  ; Fall  ; Duty Cycle ; Divide by ; Multiply by ; Phase ; Offset ; Edge List ; Edge Shift ; Inverted ; Master ; Source ; Targets        ;
+------------+------+--------+------------+-------+-------+------------+-----------+-------------+-------+--------+-----------+------------+----------+--------+--------+----------------+
; CLOCK      ; Base ; 1.000  ; 1000.0 MHz ; 0.000 ; 0.500 ;            ;           ;             ;       ;        ;           ;            ;          ;        ;        ; { CLOCK }      ;
; Preco_eq_0 ; Base ; 1.000  ; 1000.0 MHz ; 0.000 ; 0.500 ;            ;           ;             ;       ;        ;           ;            ;          ;        ;        ; { Preco_eq_0 } ;
+------------+------+--------+------------+-------+-------+------------+-----------+-------------+-------+--------+-----------+------------+----------+--------+--------+----------------+


+-----------------------------------------------------------------------------------------------------------+
; Slow Model Fmax Summary                                                                                   ;
+------------+-----------------+------------+---------------------------------------------------------------+
; Fmax       ; Restricted Fmax ; Clock Name ; Note                                                          ;
+------------+-----------------+------------+---------------------------------------------------------------+
; 549.75 MHz ; 420.17 MHz      ; CLOCK      ; limit due to minimum period restriction (max I/O toggle rate) ;
+------------+-----------------+------------+---------------------------------------------------------------+
This panel reports FMAX for every clock in the design, regardless of the user-specified clock periods.  FMAX is only computed for paths where the source and destination registers or ports are driven by the same clock.  Paths of different clocks, including generated clocks, are ignored.  For paths between a clock and its inversion, FMAX is computed as if the rising and falling edges are scaled along with FMAX, such that the duty cycle (in terms of a percentage) is maintained. Altera recommends that you always use clock constraints and other slack reports for sign-off analysis.


+-------------------------------------+
; Slow Model Setup Summary            ;
+------------+--------+---------------+
; Clock      ; Slack  ; End Point TNS ;
+------------+--------+---------------+
; CLOCK      ; -0.819 ; -3.033        ;
; Preco_eq_0 ; 0.011  ; 0.000         ;
+------------+--------+---------------+


+-------------------------------------+
; Slow Model Hold Summary             ;
+------------+--------+---------------+
; Clock      ; Slack  ; End Point TNS ;
+------------+--------+---------------+
; Preco_eq_0 ; -0.485 ; -1.451        ;
; CLOCK      ; 0.211  ; 0.000         ;
+------------+--------+---------------+


-------------------------------
; Slow Model Recovery Summary ;
-------------------------------
No paths to report.


------------------------------
; Slow Model Removal Summary ;
------------------------------
No paths to report.


+----------------------------------------+
; Slow Model Minimum Pulse Width Summary ;
+------------+--------+------------------+
; Clock      ; Slack  ; End Point TNS    ;
+------------+--------+------------------+
; CLOCK      ; -1.380 ; -10.380          ;
; Preco_eq_0 ; -1.222 ; -1.222           ;
+------------+--------+------------------+


+--------------------------------------------------------------------------------------------------------------------------+
; Slow Model Setup: 'CLOCK'                                                                                                ;
+--------+---------------------+---------------------+--------------+-------------+--------------+------------+------------+
; Slack  ; From Node           ; To Node             ; Launch Clock ; Latch Clock ; Relationship ; Clock Skew ; Data Delay ;
+--------+---------------------+---------------------+--------------+-------------+--------------+------------+------------+
; -0.819 ; state.inicio        ; state.validaProduto ; CLOCK        ; CLOCK       ; 1.000        ; 0.282      ; 2.137      ;
; -0.793 ; state.invalido      ; state.inicio        ; CLOCK        ; CLOCK       ; 1.000        ; -0.306     ; 1.523      ;
; -0.686 ; state.calcula       ; state.espera        ; CLOCK        ; CLOCK       ; 1.000        ; -0.282     ; 1.440      ;
; -0.680 ; state.validaProduto ; state.validaProduto ; CLOCK        ; CLOCK       ; 1.000        ; 0.000      ; 1.716      ;
; -0.466 ; state.confirma      ; state.espera        ; CLOCK        ; CLOCK       ; 1.000        ; 0.000      ; 1.502      ;
; -0.453 ; state.cancela       ; state.inicio        ; CLOCK        ; CLOCK       ; 1.000        ; 0.000      ; 1.489      ;
; -0.368 ; state.espera        ; state.entrega       ; CLOCK        ; CLOCK       ; 1.000        ; 0.000      ; 1.404      ;
; -0.347 ; state.entrega       ; state.inicio        ; CLOCK        ; CLOCK       ; 1.000        ; 0.000      ; 1.383      ;
; -0.307 ; state.espera        ; state.espera        ; CLOCK        ; CLOCK       ; 1.000        ; 0.000      ; 1.343      ;
; -0.260 ; state.espera        ; state.troco         ; CLOCK        ; CLOCK       ; 1.000        ; 0.000      ; 1.296      ;
; -0.077 ; state.troco         ; state.entrega       ; CLOCK        ; CLOCK       ; 1.000        ; 0.000      ; 1.113      ;
; -0.072 ; Preco_eq_0          ; state.validaProduto ; Preco_eq_0   ; CLOCK       ; 0.500        ; 2.645      ; 3.253      ;
; -0.059 ; state.espera        ; state.invalido      ; CLOCK        ; CLOCK       ; 1.000        ; 0.306      ; 1.401      ;
; -0.048 ; state.validaProduto ; state.confirma      ; CLOCK        ; CLOCK       ; 1.000        ; -0.282     ; 0.802      ;
; 0.046  ; state.confirma      ; state.cancela       ; CLOCK        ; CLOCK       ; 1.000        ; 0.000      ; 0.990      ;
; 0.059  ; Preco_eq_0          ; state.confirma      ; Preco_eq_0   ; CLOCK       ; 0.500        ; 2.363      ; 2.840      ;
; 0.194  ; state.espera        ; state.calcula       ; CLOCK        ; CLOCK       ; 1.000        ; 0.282      ; 1.124      ;
; 0.428  ; Preco_eq_0          ; state.validaProduto ; Preco_eq_0   ; CLOCK       ; 1.000        ; 2.645      ; 3.253      ;
; 0.559  ; Preco_eq_0          ; state.confirma      ; Preco_eq_0   ; CLOCK       ; 1.000        ; 2.363      ; 2.840      ;
+--------+---------------------+---------------------+--------------+-------------+--------------+------------+------------+


+-----------------------------------------------------------------------------------------------------------------------------+
; Slow Model Setup: 'Preco_eq_0'                                                                                              ;
+-------+----------------+------------------------------+--------------+-------------+--------------+------------+------------+
; Slack ; From Node      ; To Node                      ; Launch Clock ; Latch Clock ; Relationship ; Clock Skew ; Data Delay ;
+-------+----------------+------------------------------+--------------+-------------+--------------+------------+------------+
; 0.011 ; state.espera   ; Mensagem_do_sistema[0]$latch ; CLOCK        ; Preco_eq_0  ; 0.500        ; 2.109      ; 1.616      ;
; 0.043 ; state.confirma ; Mensagem_do_sistema[0]$latch ; CLOCK        ; Preco_eq_0  ; 0.500        ; 2.109      ; 1.584      ;
; 0.218 ; state.entrega  ; Mensagem_do_sistema[2]$latch ; CLOCK        ; Preco_eq_0  ; 0.500        ; 2.108      ; 1.440      ;
; 0.256 ; state.espera   ; Mensagem_do_sistema[2]$latch ; CLOCK        ; Preco_eq_0  ; 0.500        ; 2.108      ; 1.402      ;
; 0.264 ; state.inicio   ; Mensagem_do_sistema[1]$latch ; CLOCK        ; Preco_eq_0  ; 0.500        ; 2.112      ; 1.394      ;
; 0.394 ; state.entrega  ; Mensagem_do_sistema[0]$latch ; CLOCK        ; Preco_eq_0  ; 0.500        ; 2.109      ; 1.233      ;
; 0.431 ; state.cancela  ; Mensagem_do_sistema[1]$latch ; CLOCK        ; Preco_eq_0  ; 0.500        ; 2.112      ; 1.227      ;
; 0.432 ; state.cancela  ; Mensagem_do_sistema[2]$latch ; CLOCK        ; Preco_eq_0  ; 0.500        ; 2.108      ; 1.226      ;
; 0.502 ; state.inicio   ; Mensagem_do_sistema[0]$latch ; CLOCK        ; Preco_eq_0  ; 0.500        ; 2.109      ; 1.125      ;
; 0.528 ; state.espera   ; Mensagem_do_sistema[1]$latch ; CLOCK        ; Preco_eq_0  ; 0.500        ; 2.112      ; 1.130      ;
; 0.535 ; state.troco    ; Mensagem_do_sistema[2]$latch ; CLOCK        ; Preco_eq_0  ; 0.500        ; 2.108      ; 1.123      ;
+-------+----------------+------------------------------+--------------+-------------+--------------+------------+------------+


+------------------------------------------------------------------------------------------------------------------------------+
; Slow Model Hold: 'Preco_eq_0'                                                                                                ;
+--------+----------------+------------------------------+--------------+-------------+--------------+------------+------------+
; Slack  ; From Node      ; To Node                      ; Launch Clock ; Latch Clock ; Relationship ; Clock Skew ; Data Delay ;
+--------+----------------+------------------------------+--------------+-------------+--------------+------------+------------+
; -0.485 ; state.troco    ; Mensagem_do_sistema[2]$latch ; CLOCK        ; Preco_eq_0  ; -0.500       ; 2.108      ; 1.123      ;
; -0.484 ; state.inicio   ; Mensagem_do_sistema[0]$latch ; CLOCK        ; Preco_eq_0  ; -0.500       ; 2.109      ; 1.125      ;
; -0.482 ; state.espera   ; Mensagem_do_sistema[1]$latch ; CLOCK        ; Preco_eq_0  ; -0.500       ; 2.112      ; 1.130      ;
; -0.385 ; state.cancela  ; Mensagem_do_sistema[1]$latch ; CLOCK        ; Preco_eq_0  ; -0.500       ; 2.112      ; 1.227      ;
; -0.382 ; state.cancela  ; Mensagem_do_sistema[2]$latch ; CLOCK        ; Preco_eq_0  ; -0.500       ; 2.108      ; 1.226      ;
; -0.376 ; state.entrega  ; Mensagem_do_sistema[0]$latch ; CLOCK        ; Preco_eq_0  ; -0.500       ; 2.109      ; 1.233      ;
; -0.218 ; state.inicio   ; Mensagem_do_sistema[1]$latch ; CLOCK        ; Preco_eq_0  ; -0.500       ; 2.112      ; 1.394      ;
; -0.206 ; state.espera   ; Mensagem_do_sistema[2]$latch ; CLOCK        ; Preco_eq_0  ; -0.500       ; 2.108      ; 1.402      ;
; -0.168 ; state.entrega  ; Mensagem_do_sistema[2]$latch ; CLOCK        ; Preco_eq_0  ; -0.500       ; 2.108      ; 1.440      ;
; -0.025 ; state.confirma ; Mensagem_do_sistema[0]$latch ; CLOCK        ; Preco_eq_0  ; -0.500       ; 2.109      ; 1.584      ;
; 0.007  ; state.espera   ; Mensagem_do_sistema[0]$latch ; CLOCK        ; Preco_eq_0  ; -0.500       ; 2.109      ; 1.616      ;
+--------+----------------+------------------------------+--------------+-------------+--------------+------------+------------+


+-------------------------------------------------------------------------------------------------------------------------+
; Slow Model Hold: 'CLOCK'                                                                                                ;
+-------+---------------------+---------------------+--------------+-------------+--------------+------------+------------+
; Slack ; From Node           ; To Node             ; Launch Clock ; Latch Clock ; Relationship ; Clock Skew ; Data Delay ;
+-------+---------------------+---------------------+--------------+-------------+--------------+------------+------------+
; 0.211 ; Preco_eq_0          ; state.confirma      ; Preco_eq_0   ; CLOCK       ; 0.000        ; 2.363      ; 2.840      ;
; 0.342 ; Preco_eq_0          ; state.validaProduto ; Preco_eq_0   ; CLOCK       ; 0.000        ; 2.645      ; 3.253      ;
; 0.576 ; state.espera        ; state.calcula       ; CLOCK        ; CLOCK       ; 0.000        ; 0.282      ; 1.124      ;
; 0.711 ; Preco_eq_0          ; state.confirma      ; Preco_eq_0   ; CLOCK       ; -0.500       ; 2.363      ; 2.840      ;
; 0.724 ; state.confirma      ; state.cancela       ; CLOCK        ; CLOCK       ; 0.000        ; 0.000      ; 0.990      ;
; 0.818 ; state.validaProduto ; state.confirma      ; CLOCK        ; CLOCK       ; 0.000        ; -0.282     ; 0.802      ;
; 0.829 ; state.espera        ; state.invalido      ; CLOCK        ; CLOCK       ; 0.000        ; 0.306      ; 1.401      ;
; 0.842 ; Preco_eq_0          ; state.validaProduto ; Preco_eq_0   ; CLOCK       ; -0.500       ; 2.645      ; 3.253      ;
; 0.847 ; state.troco         ; state.entrega       ; CLOCK        ; CLOCK       ; 0.000        ; 0.000      ; 1.113      ;
; 1.030 ; state.espera        ; state.troco         ; CLOCK        ; CLOCK       ; 0.000        ; 0.000      ; 1.296      ;
; 1.077 ; state.espera        ; state.espera        ; CLOCK        ; CLOCK       ; 0.000        ; 0.000      ; 1.343      ;
; 1.117 ; state.entrega       ; state.inicio        ; CLOCK        ; CLOCK       ; 0.000        ; 0.000      ; 1.383      ;
; 1.138 ; state.espera        ; state.entrega       ; CLOCK        ; CLOCK       ; 0.000        ; 0.000      ; 1.404      ;
; 1.223 ; state.cancela       ; state.inicio        ; CLOCK        ; CLOCK       ; 0.000        ; 0.000      ; 1.489      ;
; 1.236 ; state.confirma      ; state.espera        ; CLOCK        ; CLOCK       ; 0.000        ; 0.000      ; 1.502      ;
; 1.450 ; state.validaProduto ; state.validaProduto ; CLOCK        ; CLOCK       ; 0.000        ; 0.000      ; 1.716      ;
; 1.456 ; state.calcula       ; state.espera        ; CLOCK        ; CLOCK       ; 0.000        ; -0.282     ; 1.440      ;
; 1.563 ; state.invalido      ; state.inicio        ; CLOCK        ; CLOCK       ; 0.000        ; -0.306     ; 1.523      ;
; 1.589 ; state.inicio        ; state.validaProduto ; CLOCK        ; CLOCK       ; 0.000        ; 0.282      ; 2.137      ;
+-------+---------------------+---------------------+--------------+-------------+--------------+------------+------------+


+----------------------------------------------------------------------------------------------------------+
; Slow Model Minimum Pulse Width: 'CLOCK'                                                                  ;
+--------+--------------+----------------+------------------+-------+------------+-------------------------+
; Slack  ; Actual Width ; Required Width ; Type             ; Clock ; Clock Edge ; Target                  ;
+--------+--------------+----------------+------------------+-------+------------+-------------------------+
; -1.380 ; 1.000        ; 2.380          ; Port Rate        ; CLOCK ; Rise       ; CLOCK                   ;
; -0.500 ; 0.500        ; 1.000          ; High Pulse Width ; CLOCK ; Rise       ; state.calcula           ;
; -0.500 ; 0.500        ; 1.000          ; Low Pulse Width  ; CLOCK ; Rise       ; state.calcula           ;
; -0.500 ; 0.500        ; 1.000          ; High Pulse Width ; CLOCK ; Rise       ; state.cancela           ;
; -0.500 ; 0.500        ; 1.000          ; Low Pulse Width  ; CLOCK ; Rise       ; state.cancela           ;
; -0.500 ; 0.500        ; 1.000          ; High Pulse Width ; CLOCK ; Rise       ; state.confirma          ;
; -0.500 ; 0.500        ; 1.000          ; Low Pulse Width  ; CLOCK ; Rise       ; state.confirma          ;
; -0.500 ; 0.500        ; 1.000          ; High Pulse Width ; CLOCK ; Rise       ; state.entrega           ;
; -0.500 ; 0.500        ; 1.000          ; Low Pulse Width  ; CLOCK ; Rise       ; state.entrega           ;
; -0.500 ; 0.500        ; 1.000          ; High Pulse Width ; CLOCK ; Rise       ; state.espera            ;
; -0.500 ; 0.500        ; 1.000          ; Low Pulse Width  ; CLOCK ; Rise       ; state.espera            ;
; -0.500 ; 0.500        ; 1.000          ; High Pulse Width ; CLOCK ; Rise       ; state.inicio            ;
; -0.500 ; 0.500        ; 1.000          ; Low Pulse Width  ; CLOCK ; Rise       ; state.inicio            ;
; -0.500 ; 0.500        ; 1.000          ; High Pulse Width ; CLOCK ; Rise       ; state.invalido          ;
; -0.500 ; 0.500        ; 1.000          ; Low Pulse Width  ; CLOCK ; Rise       ; state.invalido          ;
; -0.500 ; 0.500        ; 1.000          ; High Pulse Width ; CLOCK ; Rise       ; state.troco             ;
; -0.500 ; 0.500        ; 1.000          ; Low Pulse Width  ; CLOCK ; Rise       ; state.troco             ;
; -0.500 ; 0.500        ; 1.000          ; High Pulse Width ; CLOCK ; Rise       ; state.validaProduto     ;
; -0.500 ; 0.500        ; 1.000          ; Low Pulse Width  ; CLOCK ; Rise       ; state.validaProduto     ;
; 0.500  ; 0.500        ; 0.000          ; High Pulse Width ; CLOCK ; Rise       ; CLOCK|combout           ;
; 0.500  ; 0.500        ; 0.000          ; Low Pulse Width  ; CLOCK ; Rise       ; CLOCK|combout           ;
; 0.500  ; 0.500        ; 0.000          ; High Pulse Width ; CLOCK ; Rise       ; CLOCK~clkctrl|inclk[0]  ;
; 0.500  ; 0.500        ; 0.000          ; Low Pulse Width  ; CLOCK ; Rise       ; CLOCK~clkctrl|inclk[0]  ;
; 0.500  ; 0.500        ; 0.000          ; High Pulse Width ; CLOCK ; Rise       ; CLOCK~clkctrl|outclk    ;
; 0.500  ; 0.500        ; 0.000          ; Low Pulse Width  ; CLOCK ; Rise       ; CLOCK~clkctrl|outclk    ;
; 0.500  ; 0.500        ; 0.000          ; High Pulse Width ; CLOCK ; Rise       ; state.calcula|clk       ;
; 0.500  ; 0.500        ; 0.000          ; Low Pulse Width  ; CLOCK ; Rise       ; state.calcula|clk       ;
; 0.500  ; 0.500        ; 0.000          ; High Pulse Width ; CLOCK ; Rise       ; state.cancela|clk       ;
; 0.500  ; 0.500        ; 0.000          ; Low Pulse Width  ; CLOCK ; Rise       ; state.cancela|clk       ;
; 0.500  ; 0.500        ; 0.000          ; High Pulse Width ; CLOCK ; Rise       ; state.confirma|clk      ;
; 0.500  ; 0.500        ; 0.000          ; Low Pulse Width  ; CLOCK ; Rise       ; state.confirma|clk      ;
; 0.500  ; 0.500        ; 0.000          ; High Pulse Width ; CLOCK ; Rise       ; state.entrega|clk       ;
; 0.500  ; 0.500        ; 0.000          ; Low Pulse Width  ; CLOCK ; Rise       ; state.entrega|clk       ;
; 0.500  ; 0.500        ; 0.000          ; High Pulse Width ; CLOCK ; Rise       ; state.espera|clk        ;
; 0.500  ; 0.500        ; 0.000          ; Low Pulse Width  ; CLOCK ; Rise       ; state.espera|clk        ;
; 0.500  ; 0.500        ; 0.000          ; High Pulse Width ; CLOCK ; Rise       ; state.inicio|clk        ;
; 0.500  ; 0.500        ; 0.000          ; Low Pulse Width  ; CLOCK ; Rise       ; state.inicio|clk        ;
; 0.500  ; 0.500        ; 0.000          ; High Pulse Width ; CLOCK ; Rise       ; state.invalido|clk      ;
; 0.500  ; 0.500        ; 0.000          ; Low Pulse Width  ; CLOCK ; Rise       ; state.invalido|clk      ;
; 0.500  ; 0.500        ; 0.000          ; High Pulse Width ; CLOCK ; Rise       ; state.troco|clk         ;
; 0.500  ; 0.500        ; 0.000          ; Low Pulse Width  ; CLOCK ; Rise       ; state.troco|clk         ;
; 0.500  ; 0.500        ; 0.000          ; High Pulse Width ; CLOCK ; Rise       ; state.validaProduto|clk ;
; 0.500  ; 0.500        ; 0.000          ; Low Pulse Width  ; CLOCK ; Rise       ; state.validaProduto|clk ;
+--------+--------------+----------------+------------------+-------+------------+-------------------------+


+--------------------------------------------------------------------------------------------------------------------------+
; Slow Model Minimum Pulse Width: 'Preco_eq_0'                                                                             ;
+--------+--------------+----------------+------------------+------------+------------+------------------------------------+
; Slack  ; Actual Width ; Required Width ; Type             ; Clock      ; Clock Edge ; Target                             ;
+--------+--------------+----------------+------------------+------------+------------+------------------------------------+
; -1.222 ; 1.000        ; 2.222          ; Port Rate        ; Preco_eq_0 ; Rise       ; Preco_eq_0                         ;
; 0.500  ; 0.500        ; 0.000          ; High Pulse Width ; Preco_eq_0 ; Fall       ; Mensagem_do_sistema[0]$latch       ;
; 0.500  ; 0.500        ; 0.000          ; Low Pulse Width  ; Preco_eq_0 ; Fall       ; Mensagem_do_sistema[0]$latch       ;
; 0.500  ; 0.500        ; 0.000          ; High Pulse Width ; Preco_eq_0 ; Rise       ; Mensagem_do_sistema[0]$latch|datac ;
; 0.500  ; 0.500        ; 0.000          ; Low Pulse Width  ; Preco_eq_0 ; Rise       ; Mensagem_do_sistema[0]$latch|datac ;
; 0.500  ; 0.500        ; 0.000          ; High Pulse Width ; Preco_eq_0 ; Fall       ; Mensagem_do_sistema[1]$latch       ;
; 0.500  ; 0.500        ; 0.000          ; Low Pulse Width  ; Preco_eq_0 ; Fall       ; Mensagem_do_sistema[1]$latch       ;
; 0.500  ; 0.500        ; 0.000          ; High Pulse Width ; Preco_eq_0 ; Rise       ; Mensagem_do_sistema[1]$latch|datac ;
; 0.500  ; 0.500        ; 0.000          ; Low Pulse Width  ; Preco_eq_0 ; Rise       ; Mensagem_do_sistema[1]$latch|datac ;
; 0.500  ; 0.500        ; 0.000          ; High Pulse Width ; Preco_eq_0 ; Fall       ; Mensagem_do_sistema[2]$latch       ;
; 0.500  ; 0.500        ; 0.000          ; Low Pulse Width  ; Preco_eq_0 ; Fall       ; Mensagem_do_sistema[2]$latch       ;
; 0.500  ; 0.500        ; 0.000          ; High Pulse Width ; Preco_eq_0 ; Rise       ; Mensagem_do_sistema[2]$latch|datac ;
; 0.500  ; 0.500        ; 0.000          ; Low Pulse Width  ; Preco_eq_0 ; Rise       ; Mensagem_do_sistema[2]$latch|datac ;
; 0.500  ; 0.500        ; 0.000          ; High Pulse Width ; Preco_eq_0 ; Rise       ; Preco_eq_0|combout                 ;
; 0.500  ; 0.500        ; 0.000          ; Low Pulse Width  ; Preco_eq_0 ; Rise       ; Preco_eq_0|combout                 ;
; 0.500  ; 0.500        ; 0.000          ; High Pulse Width ; Preco_eq_0 ; Rise       ; Selector1~0clkctrl|inclk[0]        ;
; 0.500  ; 0.500        ; 0.000          ; Low Pulse Width  ; Preco_eq_0 ; Rise       ; Selector1~0clkctrl|inclk[0]        ;
; 0.500  ; 0.500        ; 0.000          ; High Pulse Width ; Preco_eq_0 ; Rise       ; Selector1~0clkctrl|outclk          ;
; 0.500  ; 0.500        ; 0.000          ; Low Pulse Width  ; Preco_eq_0 ; Rise       ; Selector1~0clkctrl|outclk          ;
; 0.500  ; 0.500        ; 0.000          ; High Pulse Width ; Preco_eq_0 ; Rise       ; Selector1~0|combout                ;
; 0.500  ; 0.500        ; 0.000          ; Low Pulse Width  ; Preco_eq_0 ; Rise       ; Selector1~0|combout                ;
; 0.500  ; 0.500        ; 0.000          ; High Pulse Width ; Preco_eq_0 ; Rise       ; Selector1~0|dataa                  ;
; 0.500  ; 0.500        ; 0.000          ; Low Pulse Width  ; Preco_eq_0 ; Rise       ; Selector1~0|dataa                  ;
+--------+--------------+----------------+------------------+------------+------------+------------------------------------+


+---------------------------------------------------------------------------+
; Setup Times                                                               ;
+---------------+------------+-------+-------+------------+-----------------+
; Data Port     ; Clock Port ; Rise  ; Fall  ; Clock Edge ; Clock Reference ;
+---------------+------------+-------+-------+------------+-----------------+
; Confirmar     ; CLOCK      ; 3.975 ; 3.975 ; Rise       ; CLOCK           ;
; DeqP          ; CLOCK      ; 4.176 ; 4.176 ; Rise       ; CLOCK           ;
; DgtP          ; CLOCK      ; 4.333 ; 4.333 ; Rise       ; CLOCK           ;
; Dinheiro_eq_0 ; CLOCK      ; 4.331 ; 4.331 ; Rise       ; CLOCK           ;
; DltP          ; CLOCK      ; 4.719 ; 4.719 ; Rise       ; CLOCK           ;
; Preco_eq_0    ; CLOCK      ; 0.572 ; 0.572 ; Rise       ; CLOCK           ;
+---------------+------------+-------+-------+------------+-----------------+


+-----------------------------------------------------------------------------+
; Hold Times                                                                  ;
+---------------+------------+--------+--------+------------+-----------------+
; Data Port     ; Clock Port ; Rise   ; Fall   ; Clock Edge ; Clock Reference ;
+---------------+------------+--------+--------+------------+-----------------+
; Confirmar     ; CLOCK      ; -3.288 ; -3.288 ; Rise       ; CLOCK           ;
; DeqP          ; CLOCK      ; -3.110 ; -3.110 ; Rise       ; CLOCK           ;
; DgtP          ; CLOCK      ; -3.419 ; -3.419 ; Rise       ; CLOCK           ;
; Dinheiro_eq_0 ; CLOCK      ; -3.029 ; -3.029 ; Rise       ; CLOCK           ;
; DltP          ; CLOCK      ; -3.636 ; -3.636 ; Rise       ; CLOCK           ;
; Preco_eq_0    ; CLOCK      ; -0.211 ; -0.211 ; Rise       ; CLOCK           ;
+---------------+------------+--------+--------+------------+-----------------+


+-------------------------------------------------------------------------------------+
; Clock to Output Times                                                               ;
+-------------------------+------------+-------+-------+------------+-----------------+
; Data Port               ; Clock Port ; Rise  ; Fall  ; Clock Edge ; Clock Reference ;
+-------------------------+------------+-------+-------+------------+-----------------+
; Dinheiro_total_clr      ; CLOCK      ; 7.144 ; 7.144 ; Rise       ; CLOCK           ;
; Dinheiro_total_ld       ; CLOCK      ; 7.367 ; 7.367 ; Rise       ; CLOCK           ;
; Mensagem_clr            ; CLOCK      ; 6.288 ; 6.288 ; Rise       ; CLOCK           ;
; Mensagem_ld             ; CLOCK      ; 7.825 ; 7.825 ; Rise       ; CLOCK           ;
; Produto_liberado        ; CLOCK      ; 6.147 ; 6.147 ; Rise       ; CLOCK           ;
; Produto_selecionado_clr ; CLOCK      ; 8.003 ; 8.003 ; Rise       ; CLOCK           ;
; Produto_selecionado_ld  ; CLOCK      ; 6.905 ; 6.905 ; Rise       ; CLOCK           ;
; Troco_ativado           ; CLOCK      ; 7.114 ; 7.114 ; Rise       ; CLOCK           ;
; Mensagem_ld             ; Preco_eq_0 ; 9.168 ; 9.168 ; Rise       ; Preco_eq_0      ;
; Produto_selecionado_ld  ; Preco_eq_0 ; 5.658 ; 5.658 ; Rise       ; Preco_eq_0      ;
; Mensagem_do_sistema[*]  ; Preco_eq_0 ; 7.933 ; 7.933 ; Fall       ; Preco_eq_0      ;
;  Mensagem_do_sistema[0] ; Preco_eq_0 ; 7.901 ; 7.901 ; Fall       ; Preco_eq_0      ;
;  Mensagem_do_sistema[1] ; Preco_eq_0 ; 7.933 ; 7.933 ; Fall       ; Preco_eq_0      ;
;  Mensagem_do_sistema[2] ; Preco_eq_0 ; 7.897 ; 7.897 ; Fall       ; Preco_eq_0      ;
; Mensagem_ld             ; Preco_eq_0 ; 9.168 ; 9.168 ; Fall       ; Preco_eq_0      ;
; Produto_selecionado_ld  ; Preco_eq_0 ; 5.658 ; 5.658 ; Fall       ; Preco_eq_0      ;
+-------------------------+------------+-------+-------+------------+-----------------+


+-------------------------------------------------------------------------------------+
; Minimum Clock to Output Times                                                       ;
+-------------------------+------------+-------+-------+------------+-----------------+
; Data Port               ; Clock Port ; Rise  ; Fall  ; Clock Edge ; Clock Reference ;
+-------------------------+------------+-------+-------+------------+-----------------+
; Dinheiro_total_clr      ; CLOCK      ; 6.698 ; 6.698 ; Rise       ; CLOCK           ;
; Dinheiro_total_ld       ; CLOCK      ; 7.068 ; 7.068 ; Rise       ; CLOCK           ;
; Mensagem_clr            ; CLOCK      ; 6.288 ; 6.288 ; Rise       ; CLOCK           ;
; Mensagem_ld             ; CLOCK      ; 7.479 ; 7.479 ; Rise       ; CLOCK           ;
; Produto_liberado        ; CLOCK      ; 6.147 ; 6.147 ; Rise       ; CLOCK           ;
; Produto_selecionado_clr ; CLOCK      ; 7.140 ; 7.140 ; Rise       ; CLOCK           ;
; Produto_selecionado_ld  ; CLOCK      ; 6.766 ; 6.766 ; Rise       ; CLOCK           ;
; Troco_ativado           ; CLOCK      ; 7.047 ; 7.047 ; Rise       ; CLOCK           ;
; Mensagem_ld             ; Preco_eq_0 ; 9.168 ; 9.168 ; Rise       ; Preco_eq_0      ;
; Produto_selecionado_ld  ; Preco_eq_0 ; 5.658 ; 5.658 ; Rise       ; Preco_eq_0      ;
; Mensagem_do_sistema[*]  ; Preco_eq_0 ; 7.897 ; 7.897 ; Fall       ; Preco_eq_0      ;
;  Mensagem_do_sistema[0] ; Preco_eq_0 ; 7.901 ; 7.901 ; Fall       ; Preco_eq_0      ;
;  Mensagem_do_sistema[1] ; Preco_eq_0 ; 7.933 ; 7.933 ; Fall       ; Preco_eq_0      ;
;  Mensagem_do_sistema[2] ; Preco_eq_0 ; 7.897 ; 7.897 ; Fall       ; Preco_eq_0      ;
; Mensagem_ld             ; Preco_eq_0 ; 9.168 ; 9.168 ; Fall       ; Preco_eq_0      ;
; Produto_selecionado_ld  ; Preco_eq_0 ; 5.658 ; 5.658 ; Fall       ; Preco_eq_0      ;
+-------------------------+------------+-------+-------+------------+-----------------+


+------------------------------------+
; Fast Model Setup Summary           ;
+------------+-------+---------------+
; Clock      ; Slack ; End Point TNS ;
+------------+-------+---------------+
; CLOCK      ; 0.032 ; 0.000         ;
; Preco_eq_0 ; 0.315 ; 0.000         ;
+------------+-------+---------------+


+-------------------------------------+
; Fast Model Hold Summary             ;
+------------+--------+---------------+
; Clock      ; Slack  ; End Point TNS ;
+------------+--------+---------------+
; CLOCK      ; -0.141 ; -0.144        ;
; Preco_eq_0 ; 0.074  ; 0.000         ;
+------------+--------+---------------+


-------------------------------
; Fast Model Recovery Summary ;
-------------------------------
No paths to report.


------------------------------
; Fast Model Removal Summary ;
------------------------------
No paths to report.


+----------------------------------------+
; Fast Model Minimum Pulse Width Summary ;
+------------+--------+------------------+
; Clock      ; Slack  ; End Point TNS    ;
+------------+--------+------------------+
; CLOCK      ; -1.380 ; -10.380          ;
; Preco_eq_0 ; -1.222 ; -1.222           ;
+------------+--------+------------------+


+-------------------------------------------------------------------------------------------------------------------------+
; Fast Model Setup: 'CLOCK'                                                                                               ;
+-------+---------------------+---------------------+--------------+-------------+--------------+------------+------------+
; Slack ; From Node           ; To Node             ; Launch Clock ; Latch Clock ; Relationship ; Clock Skew ; Data Delay ;
+-------+---------------------+---------------------+--------------+-------------+--------------+------------+------------+
; 0.032 ; state.inicio        ; state.validaProduto ; CLOCK        ; CLOCK       ; 1.000        ; 0.004      ; 1.004      ;
; 0.221 ; state.validaProduto ; state.validaProduto ; CLOCK        ; CLOCK       ; 1.000        ; 0.000      ; 0.811      ;
; 0.293 ; state.invalido      ; state.inicio        ; CLOCK        ; CLOCK       ; 1.000        ; -0.020     ; 0.719      ;
; 0.321 ; state.cancela       ; state.inicio        ; CLOCK        ; CLOCK       ; 1.000        ; 0.000      ; 0.711      ;
; 0.329 ; state.confirma      ; state.espera        ; CLOCK        ; CLOCK       ; 1.000        ; 0.000      ; 0.703      ;
; 0.345 ; state.calcula       ; state.espera        ; CLOCK        ; CLOCK       ; 1.000        ; -0.004     ; 0.683      ;
; 0.369 ; state.entrega       ; state.inicio        ; CLOCK        ; CLOCK       ; 1.000        ; 0.000      ; 0.663      ;
; 0.374 ; state.espera        ; state.entrega       ; CLOCK        ; CLOCK       ; 1.000        ; 0.000      ; 0.658      ;
; 0.383 ; Preco_eq_0          ; state.validaProduto ; Preco_eq_0   ; CLOCK       ; 0.500        ; 1.438      ; 1.587      ;
; 0.397 ; state.espera        ; state.invalido      ; CLOCK        ; CLOCK       ; 1.000        ; 0.020      ; 0.655      ;
; 0.408 ; state.espera        ; state.espera        ; CLOCK        ; CLOCK       ; 1.000        ; 0.000      ; 0.624      ;
; 0.414 ; state.espera        ; state.troco         ; CLOCK        ; CLOCK       ; 1.000        ; 0.000      ; 0.618      ;
; 0.472 ; state.espera        ; state.calcula       ; CLOCK        ; CLOCK       ; 1.000        ; 0.004      ; 0.564      ;
; 0.502 ; state.troco         ; state.entrega       ; CLOCK        ; CLOCK       ; 1.000        ; 0.000      ; 0.530      ;
; 0.521 ; Preco_eq_0          ; state.confirma      ; Preco_eq_0   ; CLOCK       ; 0.500        ; 1.434      ; 1.445      ;
; 0.550 ; state.confirma      ; state.cancela       ; CLOCK        ; CLOCK       ; 1.000        ; 0.000      ; 0.482      ;
; 0.630 ; state.validaProduto ; state.confirma      ; CLOCK        ; CLOCK       ; 1.000        ; -0.004     ; 0.398      ;
; 0.883 ; Preco_eq_0          ; state.validaProduto ; Preco_eq_0   ; CLOCK       ; 1.000        ; 1.438      ; 1.587      ;
; 1.021 ; Preco_eq_0          ; state.confirma      ; Preco_eq_0   ; CLOCK       ; 1.000        ; 1.434      ; 1.445      ;
+-------+---------------------+---------------------+--------------+-------------+--------------+------------+------------+


+-----------------------------------------------------------------------------------------------------------------------------+
; Fast Model Setup: 'Preco_eq_0'                                                                                              ;
+-------+----------------+------------------------------+--------------+-------------+--------------+------------+------------+
; Slack ; From Node      ; To Node                      ; Launch Clock ; Latch Clock ; Relationship ; Clock Skew ; Data Delay ;
+-------+----------------+------------------------------+--------------+-------------+--------------+------------+------------+
; 0.315 ; state.espera   ; Mensagem_do_sistema[0]$latch ; CLOCK        ; Preco_eq_0  ; 0.500        ; 0.956      ; 0.739      ;
; 0.327 ; state.confirma ; Mensagem_do_sistema[0]$latch ; CLOCK        ; Preco_eq_0  ; 0.500        ; 0.956      ; 0.727      ;
; 0.400 ; state.entrega  ; Mensagem_do_sistema[2]$latch ; CLOCK        ; Preco_eq_0  ; 0.500        ; 0.955      ; 0.663      ;
; 0.415 ; state.inicio   ; Mensagem_do_sistema[1]$latch ; CLOCK        ; Preco_eq_0  ; 0.500        ; 0.955      ; 0.643      ;
; 0.415 ; state.espera   ; Mensagem_do_sistema[2]$latch ; CLOCK        ; Preco_eq_0  ; 0.500        ; 0.955      ; 0.648      ;
; 0.472 ; state.entrega  ; Mensagem_do_sistema[0]$latch ; CLOCK        ; Preco_eq_0  ; 0.500        ; 0.956      ; 0.582      ;
; 0.476 ; state.cancela  ; Mensagem_do_sistema[1]$latch ; CLOCK        ; Preco_eq_0  ; 0.500        ; 0.955      ; 0.582      ;
; 0.483 ; state.cancela  ; Mensagem_do_sistema[2]$latch ; CLOCK        ; Preco_eq_0  ; 0.500        ; 0.955      ; 0.580      ;
; 0.505 ; state.inicio   ; Mensagem_do_sistema[0]$latch ; CLOCK        ; Preco_eq_0  ; 0.500        ; 0.956      ; 0.549      ;
; 0.524 ; state.espera   ; Mensagem_do_sistema[1]$latch ; CLOCK        ; Preco_eq_0  ; 0.500        ; 0.955      ; 0.534      ;
; 0.534 ; state.troco    ; Mensagem_do_sistema[2]$latch ; CLOCK        ; Preco_eq_0  ; 0.500        ; 0.955      ; 0.529      ;
+-------+----------------+------------------------------+--------------+-------------+--------------+------------+------------+


+--------------------------------------------------------------------------------------------------------------------------+
; Fast Model Hold: 'CLOCK'                                                                                                 ;
+--------+---------------------+---------------------+--------------+-------------+--------------+------------+------------+
; Slack  ; From Node           ; To Node             ; Launch Clock ; Latch Clock ; Relationship ; Clock Skew ; Data Delay ;
+--------+---------------------+---------------------+--------------+-------------+--------------+------------+------------+
; -0.141 ; Preco_eq_0          ; state.confirma      ; Preco_eq_0   ; CLOCK       ; 0.000        ; 1.434      ; 1.445      ;
; -0.003 ; Preco_eq_0          ; state.validaProduto ; Preco_eq_0   ; CLOCK       ; 0.000        ; 1.438      ; 1.587      ;
; 0.250  ; state.validaProduto ; state.confirma      ; CLOCK        ; CLOCK       ; 0.000        ; -0.004     ; 0.398      ;
; 0.330  ; state.confirma      ; state.cancela       ; CLOCK        ; CLOCK       ; 0.000        ; 0.000      ; 0.482      ;
; 0.359  ; Preco_eq_0          ; state.confirma      ; Preco_eq_0   ; CLOCK       ; -0.500       ; 1.434      ; 1.445      ;
; 0.378  ; state.troco         ; state.entrega       ; CLOCK        ; CLOCK       ; 0.000        ; 0.000      ; 0.530      ;
; 0.408  ; state.espera        ; state.calcula       ; CLOCK        ; CLOCK       ; 0.000        ; 0.004      ; 0.564      ;
; 0.466  ; state.espera        ; state.troco         ; CLOCK        ; CLOCK       ; 0.000        ; 0.000      ; 0.618      ;
; 0.472  ; state.espera        ; state.espera        ; CLOCK        ; CLOCK       ; 0.000        ; 0.000      ; 0.624      ;
; 0.483  ; state.espera        ; state.invalido      ; CLOCK        ; CLOCK       ; 0.000        ; 0.020      ; 0.655      ;
; 0.497  ; Preco_eq_0          ; state.validaProduto ; Preco_eq_0   ; CLOCK       ; -0.500       ; 1.438      ; 1.587      ;
; 0.506  ; state.espera        ; state.entrega       ; CLOCK        ; CLOCK       ; 0.000        ; 0.000      ; 0.658      ;
; 0.511  ; state.entrega       ; state.inicio        ; CLOCK        ; CLOCK       ; 0.000        ; 0.000      ; 0.663      ;
; 0.535  ; state.calcula       ; state.espera        ; CLOCK        ; CLOCK       ; 0.000        ; -0.004     ; 0.683      ;
; 0.551  ; state.confirma      ; state.espera        ; CLOCK        ; CLOCK       ; 0.000        ; 0.000      ; 0.703      ;
; 0.559  ; state.cancela       ; state.inicio        ; CLOCK        ; CLOCK       ; 0.000        ; 0.000      ; 0.711      ;
; 0.587  ; state.invalido      ; state.inicio        ; CLOCK        ; CLOCK       ; 0.000        ; -0.020     ; 0.719      ;
; 0.659  ; state.validaProduto ; state.validaProduto ; CLOCK        ; CLOCK       ; 0.000        ; 0.000      ; 0.811      ;
; 0.848  ; state.inicio        ; state.validaProduto ; CLOCK        ; CLOCK       ; 0.000        ; 0.004      ; 1.004      ;
+--------+---------------------+---------------------+--------------+-------------+--------------+------------+------------+


+-----------------------------------------------------------------------------------------------------------------------------+
; Fast Model Hold: 'Preco_eq_0'                                                                                               ;
+-------+----------------+------------------------------+--------------+-------------+--------------+------------+------------+
; Slack ; From Node      ; To Node                      ; Launch Clock ; Latch Clock ; Relationship ; Clock Skew ; Data Delay ;
+-------+----------------+------------------------------+--------------+-------------+--------------+------------+------------+
; 0.074 ; state.troco    ; Mensagem_do_sistema[2]$latch ; CLOCK        ; Preco_eq_0  ; -0.500       ; 0.955      ; 0.529      ;
; 0.079 ; state.espera   ; Mensagem_do_sistema[1]$latch ; CLOCK        ; Preco_eq_0  ; -0.500       ; 0.955      ; 0.534      ;
; 0.093 ; state.inicio   ; Mensagem_do_sistema[0]$latch ; CLOCK        ; Preco_eq_0  ; -0.500       ; 0.956      ; 0.549      ;
; 0.125 ; state.cancela  ; Mensagem_do_sistema[2]$latch ; CLOCK        ; Preco_eq_0  ; -0.500       ; 0.955      ; 0.580      ;
; 0.126 ; state.entrega  ; Mensagem_do_sistema[0]$latch ; CLOCK        ; Preco_eq_0  ; -0.500       ; 0.956      ; 0.582      ;
; 0.127 ; state.cancela  ; Mensagem_do_sistema[1]$latch ; CLOCK        ; Preco_eq_0  ; -0.500       ; 0.955      ; 0.582      ;
; 0.188 ; state.inicio   ; Mensagem_do_sistema[1]$latch ; CLOCK        ; Preco_eq_0  ; -0.500       ; 0.955      ; 0.643      ;
; 0.193 ; state.espera   ; Mensagem_do_sistema[2]$latch ; CLOCK        ; Preco_eq_0  ; -0.500       ; 0.955      ; 0.648      ;
; 0.208 ; state.entrega  ; Mensagem_do_sistema[2]$latch ; CLOCK        ; Preco_eq_0  ; -0.500       ; 0.955      ; 0.663      ;
; 0.271 ; state.confirma ; Mensagem_do_sistema[0]$latch ; CLOCK        ; Preco_eq_0  ; -0.500       ; 0.956      ; 0.727      ;
; 0.283 ; state.espera   ; Mensagem_do_sistema[0]$latch ; CLOCK        ; Preco_eq_0  ; -0.500       ; 0.956      ; 0.739      ;
+-------+----------------+------------------------------+--------------+-------------+--------------+------------+------------+


+----------------------------------------------------------------------------------------------------------+
; Fast Model Minimum Pulse Width: 'CLOCK'                                                                  ;
+--------+--------------+----------------+------------------+-------+------------+-------------------------+
; Slack  ; Actual Width ; Required Width ; Type             ; Clock ; Clock Edge ; Target                  ;
+--------+--------------+----------------+------------------+-------+------------+-------------------------+
; -1.380 ; 1.000        ; 2.380          ; Port Rate        ; CLOCK ; Rise       ; CLOCK                   ;
; -0.500 ; 0.500        ; 1.000          ; High Pulse Width ; CLOCK ; Rise       ; state.calcula           ;
; -0.500 ; 0.500        ; 1.000          ; Low Pulse Width  ; CLOCK ; Rise       ; state.calcula           ;
; -0.500 ; 0.500        ; 1.000          ; High Pulse Width ; CLOCK ; Rise       ; state.cancela           ;
; -0.500 ; 0.500        ; 1.000          ; Low Pulse Width  ; CLOCK ; Rise       ; state.cancela           ;
; -0.500 ; 0.500        ; 1.000          ; High Pulse Width ; CLOCK ; Rise       ; state.confirma          ;
; -0.500 ; 0.500        ; 1.000          ; Low Pulse Width  ; CLOCK ; Rise       ; state.confirma          ;
; -0.500 ; 0.500        ; 1.000          ; High Pulse Width ; CLOCK ; Rise       ; state.entrega           ;
; -0.500 ; 0.500        ; 1.000          ; Low Pulse Width  ; CLOCK ; Rise       ; state.entrega           ;
; -0.500 ; 0.500        ; 1.000          ; High Pulse Width ; CLOCK ; Rise       ; state.espera            ;
; -0.500 ; 0.500        ; 1.000          ; Low Pulse Width  ; CLOCK ; Rise       ; state.espera            ;
; -0.500 ; 0.500        ; 1.000          ; High Pulse Width ; CLOCK ; Rise       ; state.inicio            ;
; -0.500 ; 0.500        ; 1.000          ; Low Pulse Width  ; CLOCK ; Rise       ; state.inicio            ;
; -0.500 ; 0.500        ; 1.000          ; High Pulse Width ; CLOCK ; Rise       ; state.invalido          ;
; -0.500 ; 0.500        ; 1.000          ; Low Pulse Width  ; CLOCK ; Rise       ; state.invalido          ;
; -0.500 ; 0.500        ; 1.000          ; High Pulse Width ; CLOCK ; Rise       ; state.troco             ;
; -0.500 ; 0.500        ; 1.000          ; Low Pulse Width  ; CLOCK ; Rise       ; state.troco             ;
; -0.500 ; 0.500        ; 1.000          ; High Pulse Width ; CLOCK ; Rise       ; state.validaProduto     ;
; -0.500 ; 0.500        ; 1.000          ; Low Pulse Width  ; CLOCK ; Rise       ; state.validaProduto     ;
; 0.500  ; 0.500        ; 0.000          ; High Pulse Width ; CLOCK ; Rise       ; CLOCK|combout           ;
; 0.500  ; 0.500        ; 0.000          ; Low Pulse Width  ; CLOCK ; Rise       ; CLOCK|combout           ;
; 0.500  ; 0.500        ; 0.000          ; High Pulse Width ; CLOCK ; Rise       ; CLOCK~clkctrl|inclk[0]  ;
; 0.500  ; 0.500        ; 0.000          ; Low Pulse Width  ; CLOCK ; Rise       ; CLOCK~clkctrl|inclk[0]  ;
; 0.500  ; 0.500        ; 0.000          ; High Pulse Width ; CLOCK ; Rise       ; CLOCK~clkctrl|outclk    ;
; 0.500  ; 0.500        ; 0.000          ; Low Pulse Width  ; CLOCK ; Rise       ; CLOCK~clkctrl|outclk    ;
; 0.500  ; 0.500        ; 0.000          ; High Pulse Width ; CLOCK ; Rise       ; state.calcula|clk       ;
; 0.500  ; 0.500        ; 0.000          ; Low Pulse Width  ; CLOCK ; Rise       ; state.calcula|clk       ;
; 0.500  ; 0.500        ; 0.000          ; High Pulse Width ; CLOCK ; Rise       ; state.cancela|clk       ;
; 0.500  ; 0.500        ; 0.000          ; Low Pulse Width  ; CLOCK ; Rise       ; state.cancela|clk       ;
; 0.500  ; 0.500        ; 0.000          ; High Pulse Width ; CLOCK ; Rise       ; state.confirma|clk      ;
; 0.500  ; 0.500        ; 0.000          ; Low Pulse Width  ; CLOCK ; Rise       ; state.confirma|clk      ;
; 0.500  ; 0.500        ; 0.000          ; High Pulse Width ; CLOCK ; Rise       ; state.entrega|clk       ;
; 0.500  ; 0.500        ; 0.000          ; Low Pulse Width  ; CLOCK ; Rise       ; state.entrega|clk       ;
; 0.500  ; 0.500        ; 0.000          ; High Pulse Width ; CLOCK ; Rise       ; state.espera|clk        ;
; 0.500  ; 0.500        ; 0.000          ; Low Pulse Width  ; CLOCK ; Rise       ; state.espera|clk        ;
; 0.500  ; 0.500        ; 0.000          ; High Pulse Width ; CLOCK ; Rise       ; state.inicio|clk        ;
; 0.500  ; 0.500        ; 0.000          ; Low Pulse Width  ; CLOCK ; Rise       ; state.inicio|clk        ;
; 0.500  ; 0.500        ; 0.000          ; High Pulse Width ; CLOCK ; Rise       ; state.invalido|clk      ;
; 0.500  ; 0.500        ; 0.000          ; Low Pulse Width  ; CLOCK ; Rise       ; state.invalido|clk      ;
; 0.500  ; 0.500        ; 0.000          ; High Pulse Width ; CLOCK ; Rise       ; state.troco|clk         ;
; 0.500  ; 0.500        ; 0.000          ; Low Pulse Width  ; CLOCK ; Rise       ; state.troco|clk         ;
; 0.500  ; 0.500        ; 0.000          ; High Pulse Width ; CLOCK ; Rise       ; state.validaProduto|clk ;
; 0.500  ; 0.500        ; 0.000          ; Low Pulse Width  ; CLOCK ; Rise       ; state.validaProduto|clk ;
+--------+--------------+----------------+------------------+-------+------------+-------------------------+


+--------------------------------------------------------------------------------------------------------------------------+
; Fast Model Minimum Pulse Width: 'Preco_eq_0'                                                                             ;
+--------+--------------+----------------+------------------+------------+------------+------------------------------------+
; Slack  ; Actual Width ; Required Width ; Type             ; Clock      ; Clock Edge ; Target                             ;
+--------+--------------+----------------+------------------+------------+------------+------------------------------------+
; -1.222 ; 1.000        ; 2.222          ; Port Rate        ; Preco_eq_0 ; Rise       ; Preco_eq_0                         ;
; 0.500  ; 0.500        ; 0.000          ; High Pulse Width ; Preco_eq_0 ; Fall       ; Mensagem_do_sistema[0]$latch       ;
; 0.500  ; 0.500        ; 0.000          ; Low Pulse Width  ; Preco_eq_0 ; Fall       ; Mensagem_do_sistema[0]$latch       ;
; 0.500  ; 0.500        ; 0.000          ; High Pulse Width ; Preco_eq_0 ; Rise       ; Mensagem_do_sistema[0]$latch|datac ;
; 0.500  ; 0.500        ; 0.000          ; Low Pulse Width  ; Preco_eq_0 ; Rise       ; Mensagem_do_sistema[0]$latch|datac ;
; 0.500  ; 0.500        ; 0.000          ; High Pulse Width ; Preco_eq_0 ; Fall       ; Mensagem_do_sistema[1]$latch       ;
; 0.500  ; 0.500        ; 0.000          ; Low Pulse Width  ; Preco_eq_0 ; Fall       ; Mensagem_do_sistema[1]$latch       ;
; 0.500  ; 0.500        ; 0.000          ; High Pulse Width ; Preco_eq_0 ; Rise       ; Mensagem_do_sistema[1]$latch|datac ;
; 0.500  ; 0.500        ; 0.000          ; Low Pulse Width  ; Preco_eq_0 ; Rise       ; Mensagem_do_sistema[1]$latch|datac ;
; 0.500  ; 0.500        ; 0.000          ; High Pulse Width ; Preco_eq_0 ; Fall       ; Mensagem_do_sistema[2]$latch       ;
; 0.500  ; 0.500        ; 0.000          ; Low Pulse Width  ; Preco_eq_0 ; Fall       ; Mensagem_do_sistema[2]$latch       ;
; 0.500  ; 0.500        ; 0.000          ; High Pulse Width ; Preco_eq_0 ; Rise       ; Mensagem_do_sistema[2]$latch|datac ;
; 0.500  ; 0.500        ; 0.000          ; Low Pulse Width  ; Preco_eq_0 ; Rise       ; Mensagem_do_sistema[2]$latch|datac ;
; 0.500  ; 0.500        ; 0.000          ; High Pulse Width ; Preco_eq_0 ; Rise       ; Preco_eq_0|combout                 ;
; 0.500  ; 0.500        ; 0.000          ; Low Pulse Width  ; Preco_eq_0 ; Rise       ; Preco_eq_0|combout                 ;
; 0.500  ; 0.500        ; 0.000          ; High Pulse Width ; Preco_eq_0 ; Rise       ; Selector1~0clkctrl|inclk[0]        ;
; 0.500  ; 0.500        ; 0.000          ; Low Pulse Width  ; Preco_eq_0 ; Rise       ; Selector1~0clkctrl|inclk[0]        ;
; 0.500  ; 0.500        ; 0.000          ; High Pulse Width ; Preco_eq_0 ; Rise       ; Selector1~0clkctrl|outclk          ;
; 0.500  ; 0.500        ; 0.000          ; Low Pulse Width  ; Preco_eq_0 ; Rise       ; Selector1~0clkctrl|outclk          ;
; 0.500  ; 0.500        ; 0.000          ; High Pulse Width ; Preco_eq_0 ; Rise       ; Selector1~0|combout                ;
; 0.500  ; 0.500        ; 0.000          ; Low Pulse Width  ; Preco_eq_0 ; Rise       ; Selector1~0|combout                ;
; 0.500  ; 0.500        ; 0.000          ; High Pulse Width ; Preco_eq_0 ; Rise       ; Selector1~0|dataa                  ;
; 0.500  ; 0.500        ; 0.000          ; Low Pulse Width  ; Preco_eq_0 ; Rise       ; Selector1~0|dataa                  ;
+--------+--------------+----------------+------------------+------------+------------+------------------------------------+


+---------------------------------------------------------------------------+
; Setup Times                                                               ;
+---------------+------------+-------+-------+------------+-----------------+
; Data Port     ; Clock Port ; Rise  ; Fall  ; Clock Edge ; Clock Reference ;
+---------------+------------+-------+-------+------------+-----------------+
; Confirmar     ; CLOCK      ; 2.173 ; 2.173 ; Rise       ; CLOCK           ;
; DeqP          ; CLOCK      ; 2.245 ; 2.245 ; Rise       ; CLOCK           ;
; DgtP          ; CLOCK      ; 2.334 ; 2.334 ; Rise       ; CLOCK           ;
; Dinheiro_eq_0 ; CLOCK      ; 2.329 ; 2.329 ; Rise       ; CLOCK           ;
; DltP          ; CLOCK      ; 2.492 ; 2.492 ; Rise       ; CLOCK           ;
; Preco_eq_0    ; CLOCK      ; 0.117 ; 0.117 ; Rise       ; CLOCK           ;
+---------------+------------+-------+-------+------------+-----------------+


+-----------------------------------------------------------------------------+
; Hold Times                                                                  ;
+---------------+------------+--------+--------+------------+-----------------+
; Data Port     ; Clock Port ; Rise   ; Fall   ; Clock Edge ; Clock Reference ;
+---------------+------------+--------+--------+------------+-----------------+
; Confirmar     ; CLOCK      ; -1.849 ; -1.849 ; Rise       ; CLOCK           ;
; DeqP          ; CLOCK      ; -1.887 ; -1.887 ; Rise       ; CLOCK           ;
; DgtP          ; CLOCK      ; -1.918 ; -1.918 ; Rise       ; CLOCK           ;
; Dinheiro_eq_0 ; CLOCK      ; -1.860 ; -1.860 ; Rise       ; CLOCK           ;
; DltP          ; CLOCK      ; -2.129 ; -2.129 ; Rise       ; CLOCK           ;
; Preco_eq_0    ; CLOCK      ; 0.141  ; 0.141  ; Rise       ; CLOCK           ;
+---------------+------------+--------+--------+------------+-----------------+


+-------------------------------------------------------------------------------------+
; Clock to Output Times                                                               ;
+-------------------------+------------+-------+-------+------------+-----------------+
; Data Port               ; Clock Port ; Rise  ; Fall  ; Clock Edge ; Clock Reference ;
+-------------------------+------------+-------+-------+------------+-----------------+
; Dinheiro_total_clr      ; CLOCK      ; 3.787 ; 3.787 ; Rise       ; CLOCK           ;
; Dinheiro_total_ld       ; CLOCK      ; 3.858 ; 3.858 ; Rise       ; CLOCK           ;
; Mensagem_clr            ; CLOCK      ; 3.371 ; 3.371 ; Rise       ; CLOCK           ;
; Mensagem_ld             ; CLOCK      ; 4.060 ; 4.060 ; Rise       ; CLOCK           ;
; Produto_liberado        ; CLOCK      ; 3.491 ; 3.491 ; Rise       ; CLOCK           ;
; Produto_selecionado_clr ; CLOCK      ; 4.159 ; 4.159 ; Rise       ; CLOCK           ;
; Produto_selecionado_ld  ; CLOCK      ; 3.768 ; 3.768 ; Rise       ; CLOCK           ;
; Troco_ativado           ; CLOCK      ; 3.860 ; 3.860 ; Rise       ; CLOCK           ;
; Mensagem_ld             ; Preco_eq_0 ; 5.173 ; 5.173 ; Rise       ; Preco_eq_0      ;
; Produto_selecionado_ld  ; Preco_eq_0 ; 2.917 ; 2.917 ; Rise       ; Preco_eq_0      ;
; Mensagem_do_sistema[*]  ; Preco_eq_0 ; 4.248 ; 4.248 ; Fall       ; Preco_eq_0      ;
;  Mensagem_do_sistema[0] ; Preco_eq_0 ; 4.227 ; 4.227 ; Fall       ; Preco_eq_0      ;
;  Mensagem_do_sistema[1] ; Preco_eq_0 ; 4.248 ; 4.248 ; Fall       ; Preco_eq_0      ;
;  Mensagem_do_sistema[2] ; Preco_eq_0 ; 4.224 ; 4.224 ; Fall       ; Preco_eq_0      ;
; Mensagem_ld             ; Preco_eq_0 ; 5.173 ; 5.173 ; Fall       ; Preco_eq_0      ;
; Produto_selecionado_ld  ; Preco_eq_0 ; 2.917 ; 2.917 ; Fall       ; Preco_eq_0      ;
+-------------------------+------------+-------+-------+------------+-----------------+


+-------------------------------------------------------------------------------------+
; Minimum Clock to Output Times                                                       ;
+-------------------------+------------+-------+-------+------------+-----------------+
; Data Port               ; Clock Port ; Rise  ; Fall  ; Clock Edge ; Clock Reference ;
+-------------------------+------------+-------+-------+------------+-----------------+
; Dinheiro_total_clr      ; CLOCK      ; 3.711 ; 3.711 ; Rise       ; CLOCK           ;
; Dinheiro_total_ld       ; CLOCK      ; 3.855 ; 3.855 ; Rise       ; CLOCK           ;
; Mensagem_clr            ; CLOCK      ; 3.371 ; 3.371 ; Rise       ; CLOCK           ;
; Mensagem_ld             ; CLOCK      ; 3.919 ; 3.919 ; Rise       ; CLOCK           ;
; Produto_liberado        ; CLOCK      ; 3.491 ; 3.491 ; Rise       ; CLOCK           ;
; Produto_selecionado_clr ; CLOCK      ; 3.903 ; 3.903 ; Rise       ; CLOCK           ;
; Produto_selecionado_ld  ; CLOCK      ; 3.579 ; 3.579 ; Rise       ; CLOCK           ;
; Troco_ativado           ; CLOCK      ; 3.834 ; 3.834 ; Rise       ; CLOCK           ;
; Mensagem_ld             ; Preco_eq_0 ; 5.173 ; 5.173 ; Rise       ; Preco_eq_0      ;
; Produto_selecionado_ld  ; Preco_eq_0 ; 2.917 ; 2.917 ; Rise       ; Preco_eq_0      ;
; Mensagem_do_sistema[*]  ; Preco_eq_0 ; 4.224 ; 4.224 ; Fall       ; Preco_eq_0      ;
;  Mensagem_do_sistema[0] ; Preco_eq_0 ; 4.227 ; 4.227 ; Fall       ; Preco_eq_0      ;
;  Mensagem_do_sistema[1] ; Preco_eq_0 ; 4.248 ; 4.248 ; Fall       ; Preco_eq_0      ;
;  Mensagem_do_sistema[2] ; Preco_eq_0 ; 4.224 ; 4.224 ; Fall       ; Preco_eq_0      ;
; Mensagem_ld             ; Preco_eq_0 ; 5.173 ; 5.173 ; Fall       ; Preco_eq_0      ;
; Produto_selecionado_ld  ; Preco_eq_0 ; 2.917 ; 2.917 ; Fall       ; Preco_eq_0      ;
+-------------------------+------------+-------+-------+------------+-----------------+


+-------------------------------------------------------------------------------+
; Multicorner Timing Analysis Summary                                           ;
+------------------+--------+--------+----------+---------+---------------------+
; Clock            ; Setup  ; Hold   ; Recovery ; Removal ; Minimum Pulse Width ;
+------------------+--------+--------+----------+---------+---------------------+
; Worst-case Slack ; -0.819 ; -0.485 ; N/A      ; N/A     ; -1.380              ;
;  CLOCK           ; -0.819 ; -0.141 ; N/A      ; N/A     ; -1.380              ;
;  Preco_eq_0      ; 0.011  ; -0.485 ; N/A      ; N/A     ; -1.222              ;
; Design-wide TNS  ; -3.033 ; -1.451 ; 0.0      ; 0.0     ; -11.602             ;
;  CLOCK           ; -3.033 ; -0.144 ; N/A      ; N/A     ; -10.380             ;
;  Preco_eq_0      ; 0.000  ; -1.451 ; N/A      ; N/A     ; -1.222              ;
+------------------+--------+--------+----------+---------+---------------------+


+---------------------------------------------------------------------------+
; Setup Times                                                               ;
+---------------+------------+-------+-------+------------+-----------------+
; Data Port     ; Clock Port ; Rise  ; Fall  ; Clock Edge ; Clock Reference ;
+---------------+------------+-------+-------+------------+-----------------+
; Confirmar     ; CLOCK      ; 3.975 ; 3.975 ; Rise       ; CLOCK           ;
; DeqP          ; CLOCK      ; 4.176 ; 4.176 ; Rise       ; CLOCK           ;
; DgtP          ; CLOCK      ; 4.333 ; 4.333 ; Rise       ; CLOCK           ;
; Dinheiro_eq_0 ; CLOCK      ; 4.331 ; 4.331 ; Rise       ; CLOCK           ;
; DltP          ; CLOCK      ; 4.719 ; 4.719 ; Rise       ; CLOCK           ;
; Preco_eq_0    ; CLOCK      ; 0.572 ; 0.572 ; Rise       ; CLOCK           ;
+---------------+------------+-------+-------+------------+-----------------+


+-----------------------------------------------------------------------------+
; Hold Times                                                                  ;
+---------------+------------+--------+--------+------------+-----------------+
; Data Port     ; Clock Port ; Rise   ; Fall   ; Clock Edge ; Clock Reference ;
+---------------+------------+--------+--------+------------+-----------------+
; Confirmar     ; CLOCK      ; -1.849 ; -1.849 ; Rise       ; CLOCK           ;
; DeqP          ; CLOCK      ; -1.887 ; -1.887 ; Rise       ; CLOCK           ;
; DgtP          ; CLOCK      ; -1.918 ; -1.918 ; Rise       ; CLOCK           ;
; Dinheiro_eq_0 ; CLOCK      ; -1.860 ; -1.860 ; Rise       ; CLOCK           ;
; DltP          ; CLOCK      ; -2.129 ; -2.129 ; Rise       ; CLOCK           ;
; Preco_eq_0    ; CLOCK      ; 0.141  ; 0.141  ; Rise       ; CLOCK           ;
+---------------+------------+--------+--------+------------+-----------------+


+-------------------------------------------------------------------------------------+
; Clock to Output Times                                                               ;
+-------------------------+------------+-------+-------+------------+-----------------+
; Data Port               ; Clock Port ; Rise  ; Fall  ; Clock Edge ; Clock Reference ;
+-------------------------+------------+-------+-------+------------+-----------------+
; Dinheiro_total_clr      ; CLOCK      ; 7.144 ; 7.144 ; Rise       ; CLOCK           ;
; Dinheiro_total_ld       ; CLOCK      ; 7.367 ; 7.367 ; Rise       ; CLOCK           ;
; Mensagem_clr            ; CLOCK      ; 6.288 ; 6.288 ; Rise       ; CLOCK           ;
; Mensagem_ld             ; CLOCK      ; 7.825 ; 7.825 ; Rise       ; CLOCK           ;
; Produto_liberado        ; CLOCK      ; 6.147 ; 6.147 ; Rise       ; CLOCK           ;
; Produto_selecionado_clr ; CLOCK      ; 8.003 ; 8.003 ; Rise       ; CLOCK           ;
; Produto_selecionado_ld  ; CLOCK      ; 6.905 ; 6.905 ; Rise       ; CLOCK           ;
; Troco_ativado           ; CLOCK      ; 7.114 ; 7.114 ; Rise       ; CLOCK           ;
; Mensagem_ld             ; Preco_eq_0 ; 9.168 ; 9.168 ; Rise       ; Preco_eq_0      ;
; Produto_selecionado_ld  ; Preco_eq_0 ; 5.658 ; 5.658 ; Rise       ; Preco_eq_0      ;
; Mensagem_do_sistema[*]  ; Preco_eq_0 ; 7.933 ; 7.933 ; Fall       ; Preco_eq_0      ;
;  Mensagem_do_sistema[0] ; Preco_eq_0 ; 7.901 ; 7.901 ; Fall       ; Preco_eq_0      ;
;  Mensagem_do_sistema[1] ; Preco_eq_0 ; 7.933 ; 7.933 ; Fall       ; Preco_eq_0      ;
;  Mensagem_do_sistema[2] ; Preco_eq_0 ; 7.897 ; 7.897 ; Fall       ; Preco_eq_0      ;
; Mensagem_ld             ; Preco_eq_0 ; 9.168 ; 9.168 ; Fall       ; Preco_eq_0      ;
; Produto_selecionado_ld  ; Preco_eq_0 ; 5.658 ; 5.658 ; Fall       ; Preco_eq_0      ;
+-------------------------+------------+-------+-------+------------+-----------------+


+-------------------------------------------------------------------------------------+
; Minimum Clock to Output Times                                                       ;
+-------------------------+------------+-------+-------+------------+-----------------+
; Data Port               ; Clock Port ; Rise  ; Fall  ; Clock Edge ; Clock Reference ;
+-------------------------+------------+-------+-------+------------+-----------------+
; Dinheiro_total_clr      ; CLOCK      ; 3.711 ; 3.711 ; Rise       ; CLOCK           ;
; Dinheiro_total_ld       ; CLOCK      ; 3.855 ; 3.855 ; Rise       ; CLOCK           ;
; Mensagem_clr            ; CLOCK      ; 3.371 ; 3.371 ; Rise       ; CLOCK           ;
; Mensagem_ld             ; CLOCK      ; 3.919 ; 3.919 ; Rise       ; CLOCK           ;
; Produto_liberado        ; CLOCK      ; 3.491 ; 3.491 ; Rise       ; CLOCK           ;
; Produto_selecionado_clr ; CLOCK      ; 3.903 ; 3.903 ; Rise       ; CLOCK           ;
; Produto_selecionado_ld  ; CLOCK      ; 3.579 ; 3.579 ; Rise       ; CLOCK           ;
; Troco_ativado           ; CLOCK      ; 3.834 ; 3.834 ; Rise       ; CLOCK           ;
; Mensagem_ld             ; Preco_eq_0 ; 5.173 ; 5.173 ; Rise       ; Preco_eq_0      ;
; Produto_selecionado_ld  ; Preco_eq_0 ; 2.917 ; 2.917 ; Rise       ; Preco_eq_0      ;
; Mensagem_do_sistema[*]  ; Preco_eq_0 ; 4.224 ; 4.224 ; Fall       ; Preco_eq_0      ;
;  Mensagem_do_sistema[0] ; Preco_eq_0 ; 4.227 ; 4.227 ; Fall       ; Preco_eq_0      ;
;  Mensagem_do_sistema[1] ; Preco_eq_0 ; 4.248 ; 4.248 ; Fall       ; Preco_eq_0      ;
;  Mensagem_do_sistema[2] ; Preco_eq_0 ; 4.224 ; 4.224 ; Fall       ; Preco_eq_0      ;
; Mensagem_ld             ; Preco_eq_0 ; 5.173 ; 5.173 ; Fall       ; Preco_eq_0      ;
; Produto_selecionado_ld  ; Preco_eq_0 ; 2.917 ; 2.917 ; Fall       ; Preco_eq_0      ;
+-------------------------+------------+-------+-------+------------+-----------------+


+---------------------------------------------------------------------+
; Setup Transfers                                                     ;
+------------+------------+----------+----------+----------+----------+
; From Clock ; To Clock   ; RR Paths ; FR Paths ; RF Paths ; FF Paths ;
+------------+------------+----------+----------+----------+----------+
; CLOCK      ; CLOCK      ; 15       ; 0        ; 0        ; 0        ;
; Preco_eq_0 ; CLOCK      ; 2        ; 2        ; 0        ; 0        ;
; CLOCK      ; Preco_eq_0 ; 0        ; 0        ; 11       ; 0        ;
+------------+------------+----------+----------+----------+----------+
Entries labeled "false path" only account for clock-to-clock false paths and not path-based false paths. As a result, actual path counts may be lower than reported.


+---------------------------------------------------------------------+
; Hold Transfers                                                      ;
+------------+------------+----------+----------+----------+----------+
; From Clock ; To Clock   ; RR Paths ; FR Paths ; RF Paths ; FF Paths ;
+------------+------------+----------+----------+----------+----------+
; CLOCK      ; CLOCK      ; 15       ; 0        ; 0        ; 0        ;
; Preco_eq_0 ; CLOCK      ; 2        ; 2        ; 0        ; 0        ;
; CLOCK      ; Preco_eq_0 ; 0        ; 0        ; 11       ; 0        ;
+------------+------------+----------+----------+----------+----------+
Entries labeled "false path" only account for clock-to-clock false paths and not path-based false paths. As a result, actual path counts may be lower than reported.


---------------
; Report TCCS ;
---------------
No dedicated SERDES Transmitter circuitry present in device or used in design


---------------
; Report RSKM ;
---------------
No dedicated SERDES Receiver circuitry present in device or used in design


+------------------------------------------------+
; Unconstrained Paths                            ;
+---------------------------------+-------+------+
; Property                        ; Setup ; Hold ;
+---------------------------------+-------+------+
; Illegal Clocks                  ; 0     ; 0    ;
; Unconstrained Clocks            ; 0     ; 0    ;
; Unconstrained Input Ports       ; 7     ; 7    ;
; Unconstrained Input Port Paths  ; 27    ; 27   ;
; Unconstrained Output Ports      ; 11    ; 11   ;
; Unconstrained Output Port Paths ; 21    ; 21   ;
+---------------------------------+-------+------+


+------------------------------------+
; TimeQuest Timing Analyzer Messages ;
+------------------------------------+
Info: *******************************************************************
Info: Running Quartus II 64-Bit TimeQuest Timing Analyzer
    Info: Version 13.0.1 Build 232 06/12/2013 Service Pack 1 SJ Web Edition
    Info: Processing started: Fri Dec 01 14:38:37 2023
Info: Command: quartus_sta Controladora -c Controladora
Info: qsta_default_script.tcl version: #1
Warning (20028): Parallel compilation is not licensed and has been disabled
Warning (335093): TimeQuest Timing Analyzer is analyzing 3 combinational loops as latches.
Critical Warning (332012): Synopsys Design Constraints File file not found: 'Controladora.sdc'. A Synopsys Design Constraints File is required by the TimeQuest Timing Analyzer to get proper timing constraints. Without it, the Compiler will not properly optimize the design.
Info (332142): No user constrained base clocks found in the design. Calling "derive_clocks -period 1.0"
Info (332105): Deriving Clocks
    Info (332105): create_clock -period 1.000 -name CLOCK CLOCK
    Info (332105): create_clock -period 1.000 -name Preco_eq_0 Preco_eq_0
Info: Found TIMEQUEST_REPORT_SCRIPT_INCLUDE_DEFAULT_ANALYSIS = ON
Info: Analyzing Slow Model
Critical Warning (332148): Timing requirements not met
Info (332146): Worst-case setup slack is -0.819
    Info (332119):     Slack End Point TNS Clock 
    Info (332119): ========= ============= =====================
    Info (332119):    -0.819        -3.033 CLOCK 
    Info (332119):     0.011         0.000 Preco_eq_0 
Info (332146): Worst-case hold slack is -0.485
    Info (332119):     Slack End Point TNS Clock 
    Info (332119): ========= ============= =====================
    Info (332119):    -0.485        -1.451 Preco_eq_0 
    Info (332119):     0.211         0.000 CLOCK 
Info (332140): No Recovery paths to report
Info (332140): No Removal paths to report
Info (332146): Worst-case minimum pulse width slack is -1.380
    Info (332119):     Slack End Point TNS Clock 
    Info (332119): ========= ============= =====================
    Info (332119):    -1.380       -10.380 CLOCK 
    Info (332119):    -1.222        -1.222 Preco_eq_0 
Info (332001): The selected device family is not supported by the report_metastability command.
Info: Analyzing Fast Model
Info (332146): Worst-case setup slack is 0.032
    Info (332119):     Slack End Point TNS Clock 
    Info (332119): ========= ============= =====================
    Info (332119):     0.032         0.000 CLOCK 
    Info (332119):     0.315         0.000 Preco_eq_0 
Critical Warning (332148): Timing requirements not met
Info (332146): Worst-case hold slack is -0.141
    Info (332119):     Slack End Point TNS Clock 
    Info (332119): ========= ============= =====================
    Info (332119):    -0.141        -0.144 CLOCK 
    Info (332119):     0.074         0.000 Preco_eq_0 
Info (332140): No Recovery paths to report
Info (332140): No Removal paths to report
Info (332146): Worst-case minimum pulse width slack is -1.380
    Info (332119):     Slack End Point TNS Clock 
    Info (332119): ========= ============= =====================
    Info (332119):    -1.380       -10.380 CLOCK 
    Info (332119):    -1.222        -1.222 Preco_eq_0 
Info (332001): The selected device family is not supported by the report_metastability command.
Info (332102): Design is not fully constrained for setup requirements
Info (332102): Design is not fully constrained for hold requirements
Info: Quartus II 64-Bit TimeQuest Timing Analyzer was successful. 0 errors, 5 warnings
    Info: Peak virtual memory: 4531 megabytes
    Info: Processing ended: Fri Dec 01 14:38:37 2023
    Info: Elapsed time: 00:00:00
    Info: Total CPU time (on all processors): 00:00:01


